V3 3
FL "H:/ISE PHOTOS AND CODE/AND gate/ANDgate/ANDgate.vhd" 2024/10/04.22:17:50 P.40xd
EN work/ANDgate 1729080155 \
      FL "H:/ISE PHOTOS AND CODE/AND gate/ANDgate/ANDgate.vhd" \
      PB ieee/std_logic_1164 1350103243
AR work/ANDgate/Behavioral 1729080156 \
      FL "H:/ISE PHOTOS AND CODE/AND gate/ANDgate/ANDgate.vhd" EN work/ANDgate 1729080155
